a:1:{s:1:"b";a:2:{s:6:"chunks";a:1:{i:0;a:3:{i:0;a:3:{i:0;s:0:"";i:1;s:1:"1";i:2;s:1:"a";}i:1;a:3:{i:0;s:0:"";i:1;i:2;i:2;s:1:"b";}i:2;a:3:{i:0;s:0:"";i:1;i:3;i:2;b:0;}}}s:10:"chunks_def";a:1:{i:0;a:2:{i:0;a:2:{i:0;s:1:"0";i:1;s:1:"0";}i:1;a:2:{i:0;s:1:"1";i:1;s:1:"3";}}}}}