a:1:{s:3:"foo";a:2:{s:6:"chunks";a:1:{i:0;a:2:{i:0;a:3:{i:0;s:1:"1";i:1;s:0:"";i:2;s:11:"This is foo";}i:1;a:3:{i:0;s:0:"";i:1;s:1:"1";i:2;s:11:"This is foo";}}}s:10:"chunks_def";a:1:{i:0;a:2:{i:0;a:2:{i:0;s:1:"1";i:1;i:1;}i:1;a:2:{i:0;s:1:"1";i:1;i:1;}}}}}