a:1:{s:9:"test_file";a:2:{s:6:"chunks";a:1:{i:0;a:3:{i:0;a:3:{i:0;i:1;i:1;N;i:2;s:17:"Steddy is awesome";}i:1;a:3:{i:0;N;i:1;i:1;i:2;s:22:"Steddy is very awesome";}i:2;a:3:{i:0;i:2;i:1;i:2;i:2;N;}}}s:10:"chunks_def";a:1:{i:0;a:2:{i:0;a:1:{i:0;i:1;}i:1;a:1:{i:0;i:1;}}}}}